// Jest Snapshot v1, https://goo.gl/fbAQLP

exports[`Greeting-component render test should have snapshot 1`] = `
<div
  className="wrapper"
  data-testid="greeting"
>
  Good afternoon, Evgeny!
</div>
`;
