// Jest Snapshot v1, https://goo.gl/fbAQLP

exports[`Error render test snapshot 1`] = `
<div
  className="container"
  data-testid="container"
>
  <img
    alt="404..."
    onClick={[Function]}
    src="404.gif"
    style={
      Object {
        "cursor": "pointer",
        "maxWidth": "100%",
      }
    }
  />
</div>
`;
