// Jest Snapshot v1, https://goo.gl/fbAQLP

exports[`renders correctly Notification 1`] = `null`;
