// Jest Snapshot v1, https://goo.gl/fbAQLP

exports[`Form-component render test should have snapshot 1`] = `
<div
  className="wrapper"
  data-testid="form"
  onSubmit={[MockFunction]}
>
  <div>
    Test
  </div>
</div>
`;
