// Jest Snapshot v1, https://goo.gl/fbAQLP

exports[`Container-component render test snapshot 1`] = `null`;
